
Running 1 test using 1 worker

  Γ£ÿ  1 [chromium] ΓÇ║ tests\multiplayer.spec.js:4:5 ΓÇ║ Multiplayer Competitiveness ΓÇ║ Host and Join a race (2.2s)


  1) [chromium] ΓÇ║ tests\multiplayer.spec.js:4:5 ΓÇ║ Multiplayer Competitiveness ΓÇ║ Host and Join a race 

    Error: page.goto: net::ERR_CONNECTION_REFUSED at http://127.0.0.1:5173/
    Call log:
    [2m  - navigating to "http://127.0.0.1:5173/", waiting until "load"[22m


       7 |         const hostPage = await hostContext.newPage();
       8 |         hostPage.on('console', msg => console.log(`HOST CONSOLE: ${msg.text()}`));
    >  9 |         await hostPage.goto('/');
         |                        ^
      10 |
      11 |         console.log('Host: Navigating to Home...');
      12 |         await hostPage.click('button:has-text("HOST GAME")');
        at C:\Users\shaurya\Desktop\Code\ONLINE GAME\tests\multiplayer.spec.js:9:24

  1 failed
    [chromium] ΓÇ║ tests\multiplayer.spec.js:4:5 ΓÇ║ Multiplayer Competitiveness ΓÇ║ Host and Join a race 
